############ ACCEPTANCE [A-WITH-daemon-CDI] ############
--- daemon CDI state ---
DAEMON CDI: PRESENT
=== [1] the acceptance command, verbatim ===

==========
== CUDA ==
==========

CUDA Version 13.3.1

Container image Copyright (c) 2016-2023, NVIDIA CORPORATION & AFFILIATES. All rights reserved.

This container image and its contents are governed by the NVIDIA Deep Learning Container License.
By pulling and using the container, you accept the terms and conditions of this license:
https://developer.nvidia.com/ngc/nvidia-deep-learning-container-license

A copy of this license is made available in this container at /NGC-DL-CONTAINER-LICENSE for your convenience.

Fri Aug 28 15:29:37 2026       
+-----------------------------------------------------------------------------------------+
| NVIDIA-SMI 575.51.03              Driver Version: 575.51.03      CUDA Version: 12.9     |
|-----------------------------------------+------------------------+----------------------+
| GPU  Name                 Persistence-M | Bus-Id          Disp.A | Volatile Uncorr. ECC |
| Fan  Temp   Perf          Pwr:Usage/Cap |           Memory-Usage | GPU-Util  Compute M. |
|                                         |                        |               MIG M. |
|=========================================+========================+======================|
|   0  NVIDIA GeForce RTX 4070 Ti     Off |   00000000:00:07.0 Off |                  N/A |
|  0%   31C    P8             14W /  285W |       1MiB /  12282MiB |      0%      Default |
|                                         |                        |                  N/A |
+-----------------------------------------+------------------------+----------------------+
                                                                                         
+-----------------------------------------------------------------------------------------+
| Processes:                                                                              |
|  GPU   GI   CI              PID   Type   Process name                        GPU Memory |
|        ID   ID                                                               Usage      |
|=========================================================================================|
|    0   N/A  N/A               1  M+C+G   nvidia-smi                                0MiB |
+-----------------------------------------------------------------------------------------+
acceptance-1 rc=0
=== [2] nvidia-smi AND a real CUDA compute proof, same container ===

==========
== CUDA ==
==========

CUDA Version 13.3.1

Container image Copyright (c) 2016-2023, NVIDIA CORPORATION & AFFILIATES. All rights reserved.

This container image and its contents are governed by the NVIDIA Deep Learning Container License.
By pulling and using the container, you accept the terms and conditions of this license:
https://developer.nvidia.com/ngc/nvidia-deep-learning-container-license

A copy of this license is made available in this container at /NGC-DL-CONTAINER-LICENSE for your convenience.

Fri Aug 28 15:29:43 2026       
+-----------------------------------------------------------------------------------------+
| NVIDIA-SMI 575.51.03              Driver Version: 575.51.03      CUDA Version: 12.9     |
|-----------------------------------------+------------------------+----------------------+
| GPU  Name                 Persistence-M | Bus-Id          Disp.A | Volatile Uncorr. ECC |
| Fan  Temp   Perf          Pwr:Usage/Cap |           Memory-Usage | GPU-Util  Compute M. |
|                                         |                        |               MIG M. |
|=========================================+========================+======================|
|   0  NVIDIA GeForce RTX 4070 Ti     Off |   00000000:00:07.0 Off |                  N/A |
|  0%   31C    P8             14W /  285W |       1MiB /  12282MiB |      0%      Default |
|                                         |                        |                  N/A |
+-----------------------------------------+------------------------+----------------------+
                                                                                         
+-----------------------------------------------------------------------------------------+
| Processes:                                                                              |
|  GPU   GI   CI              PID   Type   Process name                        GPU Memory |
|        ID   ID                                                               Usage      |
|=========================================================================================|
|    0   N/A  N/A              33  M+C+G   nvidia-smi                                0MiB |
+-----------------------------------------------------------------------------------------+
--- building the CUDA driver-API proof ---
--- running it ---
devices: 1
device 0: NVIDIA GeForce RTX 4070 Ti
elements: 1048576  mismatches: 0  sample: c[7]=21.0 (want 21.0)
VECADD OK
acceptance-2 rc=0
=== [3] what the injector saw (proves WHICH --gpus path was taken) ===
2026-08-28T15:29:31Z 74a121c905a6eb820c655cdacd5b312356eaa6b8340b39d7f9fdb3f09c61ee7d daemon-CDI: dropped host device node /dev/nvidia-modeset -- host major/minor does not address anything in the guest; the guest CDI spec creates its own (doc 07 sec 5)
2026-08-28T15:29:31Z 74a121c905a6eb820c655cdacd5b312356eaa6b8340b39d7f9fdb3f09c61ee7d daemon-CDI: dropped host device node /dev/nvidia-uvm -- host major/minor does not address anything in the guest; the guest CDI spec creates its own (doc 07 sec 5)
2026-08-28T15:29:31Z 74a121c905a6eb820c655cdacd5b312356eaa6b8340b39d7f9fdb3f09c61ee7d daemon-CDI: dropped host device node /dev/nvidia-uvm-tools -- host major/minor does not address anything in the guest; the guest CDI spec creates its own (doc 07 sec 5)
2026-08-28T15:29:31Z 74a121c905a6eb820c655cdacd5b312356eaa6b8340b39d7f9fdb3f09c61ee7d daemon-CDI: dropped host device node /dev/nvidiactl -- host major/minor does not address anything in the guest; the guest CDI spec creates its own (doc 07 sec 5)
2026-08-28T15:29:31Z 74a121c905a6eb820c655cdacd5b312356eaa6b8340b39d7f9fdb3f09c61ee7d daemon-CDI: dropped host device node /dev/nvidia0 -- host major/minor does not address anything in the guest; the guest CDI spec creates its own (doc 07 sec 5)
2026-08-28T15:29:31Z 74a121c905a6eb820c655cdacd5b312356eaa6b8340b39d7f9fdb3f09c61ee7d daemon-CDI: dropped host device node /dev/dri/card0 -- host major/minor does not address anything in the guest; the guest CDI spec creates its own (doc 07 sec 5)
2026-08-28T15:29:31Z 74a121c905a6eb820c655cdacd5b312356eaa6b8340b39d7f9fdb3f09c61ee7d daemon-CDI: dropped host device node /dev/dri/renderD128 -- host major/minor does not address anything in the guest; the guest CDI spec creates its own (doc 07 sec 5)
2026-08-28T15:29:31Z 74a121c905a6eb820c655cdacd5b312356eaa6b8340b39d7f9fdb3f09c61ee7d dropped mount /run/nvidia-persistenced/socket -> /run/nvidia-persistenced/socket: source is a socket, and only regular files and directories cross virtio-fs into the guest; leaving it would fail createContainer with "Input/output error (os error 5)"
2026-08-28T15:29:31Z 74a121c905a6eb820c655cdacd5b312356eaa6b8340b39d7f9fdb3f09c61ee7d NVIDIA_VISIBLE_DEVICES=all -> VISIBLE_CDI_DEVICES=nvidia.com/gpu=all, +32 mounts, -7 host hooks, daemon-CDI resolved upstream (devices re-derived in-guest), -1 untraversable mounts (socket), capabilities=compute,utility (recorded, not filtered: CDI mode is capability-complete)
2026-08-28T15:29:38Z 1115a02b53cbfddf81fbe62b88b89c7451916176a06d338bf28756c2d93c4ff0 daemon-CDI: dropped host device node /dev/nvidia-modeset -- host major/minor does not address anything in the guest; the guest CDI spec creates its own (doc 07 sec 5)
2026-08-28T15:29:38Z 1115a02b53cbfddf81fbe62b88b89c7451916176a06d338bf28756c2d93c4ff0 daemon-CDI: dropped host device node /dev/nvidia-uvm -- host major/minor does not address anything in the guest; the guest CDI spec creates its own (doc 07 sec 5)
2026-08-28T15:29:38Z 1115a02b53cbfddf81fbe62b88b89c7451916176a06d338bf28756c2d93c4ff0 daemon-CDI: dropped host device node /dev/nvidia-uvm-tools -- host major/minor does not address anything in the guest; the guest CDI spec creates its own (doc 07 sec 5)
2026-08-28T15:29:38Z 1115a02b53cbfddf81fbe62b88b89c7451916176a06d338bf28756c2d93c4ff0 daemon-CDI: dropped host device node /dev/nvidiactl -- host major/minor does not address anything in the guest; the guest CDI spec creates its own (doc 07 sec 5)
2026-08-28T15:29:38Z 1115a02b53cbfddf81fbe62b88b89c7451916176a06d338bf28756c2d93c4ff0 daemon-CDI: dropped host device node /dev/nvidia0 -- host major/minor does not address anything in the guest; the guest CDI spec creates its own (doc 07 sec 5)
2026-08-28T15:29:38Z 1115a02b53cbfddf81fbe62b88b89c7451916176a06d338bf28756c2d93c4ff0 daemon-CDI: dropped host device node /dev/dri/card0 -- host major/minor does not address anything in the guest; the guest CDI spec creates its own (doc 07 sec 5)
2026-08-28T15:29:38Z 1115a02b53cbfddf81fbe62b88b89c7451916176a06d338bf28756c2d93c4ff0 daemon-CDI: dropped host device node /dev/dri/renderD128 -- host major/minor does not address anything in the guest; the guest CDI spec creates its own (doc 07 sec 5)
2026-08-28T15:29:38Z 1115a02b53cbfddf81fbe62b88b89c7451916176a06d338bf28756c2d93c4ff0 dropped mount /run/nvidia-persistenced/socket -> /run/nvidia-persistenced/socket: source is a socket, and only regular files and directories cross virtio-fs into the guest; leaving it would fail createContainer with "Input/output error (os error 5)"
2026-08-28T15:29:38Z 1115a02b53cbfddf81fbe62b88b89c7451916176a06d338bf28756c2d93c4ff0 NVIDIA_VISIBLE_DEVICES=all -> VISIBLE_CDI_DEVICES=nvidia.com/gpu=all, +32 mounts, -7 host hooks, daemon-CDI resolved upstream (devices re-derived in-guest), -1 untraversable mounts (socket), capabilities=compute,utility (recorded, not filtered: CDI mode is capability-complete)
=== [A-WITH-daemon-CDI] RESULT: acceptance-1 rc=0  acceptance-2 rc=0 ===
[A-WITH-daemon-CDI] PASS
