
[nvkvm-kata] ===== stage 0/8  preflight =====
[nvkvm-kata]   ok   Ubuntu 22.04.5 LTS (family: debian, packages: apt-get)
[nvkvm-kata]   ok   /dev/kvm present (kvm)
[nvkvm-kata]   ok   python3 present (Python 3.10.12)
[nvkvm-kata]   ok   NVIDIA host driver 575.51.03
[nvkvm-kata]   ok   cgroup v2
[nvkvm-kata] WARNING: on cgroup v2 the container device cgroup is NOT enforced inside the guest
[nvkvm-kata] WARNING:   (kata-agent computes the allowlist and cgroups-rs discards it --
[nvkvm-kata] WARNING:    docs/design/07-end-to-end.md §8.1).  VISIBLE_CDI_DEVICES controls
[nvkvm-kata] WARNING:    which device NODES are created, not access.  Do not rely on it as a boundary.
[nvkvm-kata]   ok   Kata 4.1.0 at /opt/kata
[nvkvm-kata]   ok   containerd v2.3.3
[nvkvm-kata]   ok   docker 29.7.2 (>= 23, supports containerd shims as named runtimes)
[nvkvm-kata]   ok   build dependencies present
[nvkvm-kata]   ok   69 GB free on /var/lib/nvkvm-kata/build
[nvkvm-kata]   ok   nvkvm-pv: /root/nvkvm-pv
[nvkvm-kata]   ok   kata-containers source: /var/lib/nvkvm-kata/src/kata-containers
[nvkvm-kata]   ok   yq: yq (https://github.com/mikefarah/yq/) version v4.44.5
[nvkvm-kata]   ok   preflight passed

[nvkvm-kata] ===== stage 1/8  Kata Containers =====
[nvkvm-kata]   ok   already installed: Kata 4.1.0 at /opt/kata
[nvkvm-kata]   ok   stock kata shim already on PATH
[nvkvm-kata]   ok   stock /etc/kata-containers/configuration.toml present -- NOT touched

[nvkvm-kata] ===== stage 2/8  nvkvm's QEMU =====
[nvkvm-kata]   ok   already built: /opt/qemu-nvkvm/bin/qemu-system-x86_64
[nvkvm-kata]   ok   /opt/qemu-nvkvm/bin/qemu-system-x86_64 has virtio-nvgpu (QEMU emulator version 11.1.1 (v11.1.1-dirty))

[nvkvm-kata] ===== stage 3/8  guest kernel + nvkvm-guest.ko =====
[nvkvm-kata]   ok   already built: 6.18.35-nvkvm (stamp matches)

[nvkvm-kata] ===== stage 4/8  guest rootfs (kmod + CDI generator + the module) =====
[nvkvm-kata]   ok   already built: /var/lib/nvkvm-kata/build/kata-nvkvm.image (stamp matches)

[nvkvm-kata] ===== stage 5/8  the QEMU shim and a second Kata configuration =====
[nvkvm-kata]   ok   installed shim, vmlinuz-6.18.35-nvkvm and kata-nvkvm.image under /opt/nvkvm-kata
[nvkvm-kata]   ok   /etc/nvkvm-kata/shim.env already correct
[nvkvm-kata] configuration template: /etc/kata-containers/configuration.toml
[nvkvm-kata]   ok   /etc/kata-containers/configuration-nvkvm.toml already correct
[nvkvm-kata]   ok   configuration asserted: shim, kernel 6.18.35-nvkvm, nvkvm image, kernel_modules, visible_cdi_devices
[nvkvm-kata]   ok   /usr/local/bin/containerd-shim-nvkvm-kata-v2 already correct
[nvkvm-kata]   ok   runtime type: io.containerd.nvkvm-kata.v2

[nvkvm-kata] ===== stage 6/8  register the runtime with the container engine =====
[nvkvm-kata]   ok   ctr/nerdctl:  --runtime io.containerd.nvkvm-kata.v2  (no configuration needed)
[nvkvm-kata]   ok   docker runtime 'nvkvm-kata' already registered
[nvkvm-kata]   ok   docker runtime 'nvkvm-kata' live -- compose can now say: runtime: nvkvm-kata
[nvkvm-kata] containerd CRI handler: SKIPPED (pass --containerd-cri for Kubernetes)

[nvkvm-kata] ===== stage 7/8  host driver userspace (discovered by nvidia-ctk) + the vecadd proof =====
gpu-cdi: manifest already matches driver 575.51.03 (82 mounts); nothing to do
[nvkvm-kata]   ok   82 container mounts recorded for driver 575.51.03 (/var/lib/nvkvm-kata/gpu-mounts.json)
[nvkvm-kata]   ok   vecadd already built

[nvkvm-kata] ===== stage 8/8  verify -- running the real proof, not a file listing =====
[nvkvm-kata]   ok   proving the install with: docker
[nvkvm-kata]  PASS  control: runc still runs containers
[nvkvm-kata]  PASS  guest kernel is 6.18.35-nvkvm (the nvkvm-kata configuration was selected, not the stock one)
[nvkvm-kata]  PASS  nvkvm-guest.ko loaded: 195 nvidia 195 nvidiactl 243 nvidia-uvm
[nvkvm-kata]  PASS  nvidia-smi works and libcuda.so.1 is in the container's ldcache, with no volume and no LD_LIBRARY_PATH: GPU 0: NVIDIA GeForce RTX 4070 Ti (UUID: GPU-60ae2a11-c8d7-7102-1c12-0d0bc8e5ec29)
[nvkvm-kata] running the CUDA vector-add in a container on runtime 'nvkvm-kata' (via docker)...
[nvkvm-kata]      | devices: 1
[nvkvm-kata]      | device 0: NVIDIA GeForce RTX 4070 Ti
[nvkvm-kata]      | elements: 1048576  mismatches: 0  sample: c[7]=21.0 (want 21.0)
[nvkvm-kata]      | VECADD OK
[nvkvm-kata]  PASS  CUDA vector-add ran on the GPU, in a container, in a Kata VM, through nvkvm
[nvkvm-kata]  PASS  host driver still bound to the GPU (no VFIO, no unbind)

[nvkvm-kata] ===== done =====
[nvkvm-kata]
[nvkvm-kata]   Select it per container.  Nothing global changed:
[nvkvm-kata]
[nvkvm-kata]     docker run --runtime=nvkvm-kata --gpus all --rm \
[nvkvm-kata]         nvidia/cuda:13.3.1-cudnn-devel-ubuntu26.04 nvidia-smi
[nvkvm-kata]
[nvkvm-kata]   No volume, no LD_LIBRARY_PATH, no VISIBLE_CDI_DEVICES.  The host driver's
[nvkvm-kata]   userspace arrives on its own and ldconfig has run inside the container
[nvkvm-kata]   before your command does.  --gpus 1 / --gpus '"device=0"' /
[nvkvm-kata]   --gpus '"device=GPU-<uuid>"' select devices the way the toolkit does.
[nvkvm-kata]
[nvkvm-kata]   (examples/docker-compose.yml is the compose spelling, ready to run.)
[nvkvm-kata]   Revert everything:  scripts/nvkvm-kata-uninstall.sh
