0a1,13
> # configuration-nvkvm.toml -- GENERATED by scripts/nvkvm-kata-install.sh
> #
> # A SECOND Kata configuration, derived from:
> #   /etc/kata-containers/configuration.toml
> # The stock configuration.toml is untouched, which is what makes the
> # choice between stock Kata and nvkvm-Kata per container rather than
> # global.  This file is selected by KATA_CONF_FILE, set by the wrapper
> # at /usr/local/bin/containerd-shim-<runtime>-v2.
> #
> # Edit it by hand if you like -- nothing regenerates it behind your back;
> # re-running the installer overwrites it only if it differs from what the
> # installer would produce.  docs/install.md sec 5 lists every changed key.
> #
15,17c28,30
< path = "/opt/kata/bin/qemu-system-x86_64"
< kernel = "/opt/kata/share/kata-containers/vmlinux.container"
< image = "/opt/kata/share/kata-containers/kata-containers.img"
---
> path = "/opt/nvkvm-kata/bin/nvkvm-qemu-shim"
> kernel = "/opt/nvkvm-kata/share/vmlinuz-6.18.35-nvkvm"
> image = "/opt/nvkvm-kata/share/kata-nvkvm.image"
40c53
< valid_hypervisor_paths = ["/opt/kata/bin/qemu-system-x86_64"]
---
> valid_hypervisor_paths = ["/opt/kata/bin/qemu-system-x86_64", "/opt/nvkvm-kata/bin/nvkvm-qemu-shim"]
52c65
< kernel_params = "cgroup_no_v1=all systemd.unified_cgroup_hierarchy=1"
---
> kernel_params = "cgroup_no_v1=all systemd.unified_cgroup_hierarchy=1 agent.visible_cdi_devices=true"
568c581
< kernel_modules = []
---
> kernel_modules = ["nvkvm-guest"]
{
  "runtimes": {
    "nvidia": {
      "args": [],
      "path": "nvidia-container-runtime"
    },
    "nvkvm-kata": {
      "options": {
        "ConfigPath": "/etc/kata-containers/configuration-nvkvm.toml"
      },
      "runtimeType": "io.containerd.nvkvm-kata.v2"
    }
  }
}

--- containerd CRI block ---
# >>> nvkvm-kata >>>   (remove this block and the marker lines to revert)
[plugins."io.containerd.grpc.v1.cri".containerd.runtimes.nvkvm-kata]
  runtime_type = "io.containerd.nvkvm-kata.v2"
  privileged_without_host_devices = true
  pod_annotations = ["io.katacontainers.*"]
  # ConfigPath is what actually selects the nvkvm configuration.  Kata's shim
  # reads it ahead of KATA_CONF_FILE, and on 4.1.0 the environment route is
  # rejected for anything but the two shipped default paths.
  [plugins."io.containerd.grpc.v1.cri".containerd.runtimes.nvkvm-kata.options]
    ConfigPath = "/etc/kata-containers/configuration-nvkvm.toml"
# <<< nvkvm-kata <<<
--- wrapper ---
#!/bin/sh
# containerd-shim-nvkvm-kata-v2 -- installed by nvkvm-kata-install.sh.
#
# containerd derives this filename from the runtime type
# "io.containerd.nvkvm-kata.v2".  Existing under this name is most of what
# it does; the configuration is selected by the ConfigPath runtime option that
# Docker (daemon.json) and containerd's CRI plugin pass to the shim.
#
# KATA_CONF_FILE below is a fallback for a caller that passes no options -- ctr
# without --runtime-config-path, say.  On Kata 4.1.0 it is REJECTED for a
# non-shipped path, which is intentional here: it turns "silently ran on the
# stock configuration with no GPU" into a one-line error naming this file.
exec env KATA_CONF_FILE=/etc/kata-containers/configuration-nvkvm.toml /opt/kata/bin/containerd-shim-kata-v2 "$@"
--- manifest ---
created	/usr/local/bin/containerd-shim-kata-v2	
created	/etc/kata-containers/configuration.toml	
created	/opt/nvkvm-kata	
created	/etc/nvkvm-kata/shim.env	/var/lib/nvkvm-kata/backup/etc_nvkvm-kata_shim.env.ABSENT
created	/etc/kata-containers/configuration-nvkvm.toml	/var/lib/nvkvm-kata/backup/etc_kata-containers_configuration-nvkvm.toml.ABSENT
created	/usr/local/bin/containerd-shim-nvkvm-kata-v2	/var/lib/nvkvm-kata/backup/usr_local_bin_containerd-shim-nvkvm-kata-v2.ABSENT
modified	/etc/docker/daemon.json	/var/lib/nvkvm-kata/backup/etc_docker_daemon.json
modified	/etc/containerd/config.toml	/var/lib/nvkvm-kata/backup/etc_containerd_config.toml
