root@9f658c037160:/# <== guest shell (kata-runtime exec), 2026-08-27 ==="
=== guest shell (kata-runtime exec), 2026-08-27 ===
root@9f658c037160:/# cat /sys/fs/cgroup/cgroup.controllers
cpuset cpu io memory hugetlb pids rdma
root@9f658c037160:/# echo "--- container cgroup exists? ---"
--- container cgroup exists? ---
root@9f658c037160:/# find /sys/fs/cgroup -maxdepth 2 -type d -name dbgcon
/sys/fs/cgroup/default/dbgcon
root@9f658c037160:/# echo "--- guest /dev ---"
--- guest /dev ---
root@9f658c037160:/# ls -l /dev/nvidia*
crw-rw-rw- 1 root root 243,   0 Aug 27 20:28 /dev/nvidia-uvm
crw-rw-rw- 1 root root 243,   1 Aug 27 20:28 /dev/nvidia-uvm-tools
crw-rw-rw- 1 root root 195,   0 Aug 27 20:28 /dev/nvidia0
crw-rw-rw- 1 root root 195, 255 Aug 27 20:28 /dev/nvidiactl
root@9f658c037160:/# echo "--- loaded modules ---"
--- loaded modules ---
root@9f658c037160:/# cat /proc/modules
nvkvm_guest 90112 0 - Live 0xffffffffc0000000 (O)
root@9f658c037160:/# <c, written by the modprobe.d install directive ---"
--- guest-side CDI spec, written by the modprobe.d install directive ---
root@9f658c037160:/# cat /var/run/cdi/nvkvm.yaml
cdiVersion: "0.6.0"
kind: nvidia.com/gpu
devices:
  - name: "0"
    containerEdits:
      deviceNodes:
        - path: "/dev/nvidiactl"
        - path: "/dev/nvidia0"
        - path: "/dev/nvidia-uvm"
        - path: "/dev/nvidia-uvm-tools"
containerEdits: {}
root@9f658c037160:/# exit
exit
Connection to 69.158.85.59 closed.
