===== probe3 2026-08-27T20:17:57+00:00 =====
### A2. is the missing device gate ctr's OCI spec, or Kata? (runc control) ###
-- same probe under runc, no Kata at all --
  runc: open 195:255 -> DENIED (allowlist present and enforced)
-- and with an explicit deny (docker, which DOES set a device allowlist) --
  docker: open 195:255 -> DENIED-BY-CGROUP

### B2. hunt for nvkvm isolate processes anywhere on the host ###
qemu pid 81193  threads=8
-- any process on the host holding an /dev/nvidia* fd --
  pid=81193 ppid=81181 comm=qemu-system-x86 uid=0 seccomp=0 nfds=10
     mnt=mnt:[4026533095] user=user:[4026531837] pid_ns=pid:[4026531836]
  pid=81197 ppid=81192 comm=virtiofsd uid=0 seccomp=2 nfds=3
     mnt=mnt:[4026533161] user=user:[4026531837] pid_ns=pid:[4026533162]
-- exact fd set QEMU holds --
    121 -> /dev/nvidiactl
    122 -> /dev/nvidia-uvm
    123 -> /dev/nvidia0
    124 -> /dev/nvidia0
    125 -> /dev/nvidia0
    126 -> /dev/nvidia0
    127 -> /dev/nvidia0
    128 -> /dev/nvidiactl
    129 -> /dev/nvidia0
    130 -> /dev/nvidiactl
    131 -> /dev/nvidiactl
    132 -> /dev/nvidiactl
    133 -> /dev/nvidiactl
    134 -> /dev/nvidiactl
    135 -> /dev/nvidiactl
    136 -> /dev/nvidiactl
    137 -> /dev/nvidiactl
    138 -> /dev/nvidiactl
    139 -> /dev/nvidiactl
    140 -> /dev/nvidia0
    141 -> /dev/nvidiactl
    142 -> /dev/nvidiactl
    143 -> /dev/nvidiactl
    144 -> /dev/nvidiactl
    145 -> /dev/nvidia0
    146 -> /dev/nvidiactl
    147 -> /dev/nvidiactl
    148 -> /dev/nvidiactl
    149 -> /dev/nvidiactl
    150 -> /dev/nvidia0
    151 -> /dev/nvidiactl
    152 -> /dev/nvidiactl
    156 -> /dev/nvidiactl
-- nvkvm env seen by QEMU --
NVKVM_SHIM_LOG=/root/shim.log
NVKVM_EXTRA_ARGS=-device virtio-nvgpu-pci-non-transitional,id=nvkvm0

### C2. what nvkvm's QEMU says about isolation (hypervisor debug on) ###
349:enable_debug = false
541:enable_debug = false
589:enable_debug = false
devices: 1
device 0: NVIDIA GeForce RTX 4070 Ti SUPER
elements: 1048576  mismatches: 0  sample: c[7]=21.0 (want 21.0)
VECADD OK
-- journal lines mentioning nvkvm/isolate --
Aug 27 20:16:29 ubuntu kata[78011]: time="2026-08-27T20:16:29.014112097Z" level=info msg="launching /usr/local/bin/nvkvm-qemu-shim with: [-name sandbox-cg-77983 -uuid 42654e4b-cba7-49ae-ad21-8b833d31d921 -machine q35,accel=kvm,nvdimm=on -cpu host,pmu=off -qmp unix:fd=3,server=on,wait=off -m 2048M,slots=10,maxmem=203817M -device pci-bridge,bus=pcie.0,id=pci-bridge-0,chassis_nr=1,shpc=off,addr=2,io-reserve=4k,mem-reserve=1m,pref64-reserve=1m -device virtio-serial-pci,disable-modern=true,id=serial0 -device virtconsole,chardev=charconsole0,id=console0 -chardev socket,id=charconsole0,path=/run/vc/vm/cg-77983/console.sock,server=on,wait=off -device nvdimm,id=nv0,memdev=mem0,unarmed=on -object memory-backend-file,id=mem0,mem-path=/opt/kata/share/kata-containers/kata-nvkvm.image,size=268435456,readonly=on -device virtio-scsi-pci,id=scsi0,disable-modern=true -object rng-random,id=rng0,filename=/dev/urandom -device virtio-rng-pci,rng=rng0 -device vhost-vsock-pci,disable-modern=true,vhostfd=4,id=vsock-472414222,guest-cid=472414222,bus=pcie.0 -chardev socket,id=char-2b4c635597fb9c10,path=/run/vc/vm/cg-77983/vhost-fs.sock -device vhost-user-fs-pci,chardev=char-2b4c635597fb9c10,tag=kataShared,queue-size=1024,bus=pcie.0 -rtc base=utc,driftfix=slew,clock=host -global kvm-pit.lost_tick_policy=discard -vga none -no-user-config -nodefaults -nographic --no-reboot -object memory-backend-file,id=dimm1,size=2048M,mem-path=/dev/shm,share=on -numa node,memdev=dimm1 -kernel /root/gk/vmlinuz-6.18.35-nvkvm -append tsc=reliable no_timer_check rcupdate.rcu_expedited=1 i8042.direct=1 i8042.dumbkbd=1 i8042.nopnp=1 i8042.noaux=1 noreplace-smp reboot=k cryptomgr.notests net.ifnames=0 pci=lastbus=0 root=/dev/pmem0p1 rootflags=dax,data=ordered,errors=remount-ro ro rootfstype=ext4 console=hvc0 console=hvc1 quiet systemd.show_status=false panic=1 nr_cpus=42 selinux=0 systemd.unit=kata-containers.target systemd.mask=systemd-networkd.service systemd.mask=systemd-networkd.socket scsi_mod.scan=none agent.cdh_api_timeout=50 cgroup_no_v1=all systemd.unified_cgroup_hierarchy=1 agent.visible_cdi_devices=true agent.visible_cdi_devices=true -pidfile /run/vc/vm/cg-77983/pid -smp 1,cores=1,threads=1,sockets=42,maxcpus=42]" name=containerd-shim-v2 pid=78011 sandbox=cg-77983 source=virtcontainers/hypervisor subsystem=qmp
Aug 27 20:16:29 ubuntu containerd[76151]: time="2026-08-27T20:16:29.014112097Z" level=info msg="launching /usr/local/bin/nvkvm-qemu-shim with: [-name sandbox-cg-77983 -uuid 42654e4b-cba7-49ae-ad21-8b833d31d921 -machine q35,accel=kvm,nvdimm=on -cpu host,pmu=off -qmp unix:fd=3,server=on,wait=off -m 2048M,slots=10,maxmem=203817M -device pci-bridge,bus=pcie.0,id=pci-bridge-0,chassis_nr=1,shpc=off,addr=2,io-reserve=4k,mem-reserve=1m,pref64-reserve=1m -device virtio-serial-pci,disable-modern=true,id=serial0 -device virtconsole,chardev=charconsole0,id=console0 -chardev socket,id=charconsole0,path=/run/vc/vm/cg-77983/console.sock,server=on,wait=off -device nvdimm,id=nv0,memdev=mem0,unarmed=on -object memory-backend-file,id=mem0,mem-path=/opt/kata/share/kata-containers/kata-nvkvm.image,size=268435456,readonly=on -device virtio-scsi-pci,id=scsi0,disable-modern=true -object rng-random,id=rng0,filename=/dev/urandom -device virtio-rng-pci,rng=rng0 -device vhost-vsock-pci,disable-modern=true,vhostfd=4,id=vsock-472414222,guest-cid=472414222,bus=pcie.0 -chardev socket,id=char-2b4c635597fb9c10,path=/run/vc/vm/cg-77983/vhost-fs.sock -device vhost-user-fs-pci,chardev=char-2b4c635597fb9c10,tag=kataShared,queue-size=1024,bus=pcie.0 -rtc base=utc,driftfix=slew,clock=host -global kvm-pit.lost_tick_policy=discard -vga none -no-user-config -nodefaults -nographic --no-reboot -object memory-backend-file,id=dimm1,size=2048M,mem-path=/dev/shm,share=on -numa node,memdev=dimm1 -kernel /root/gk/vmlinuz-6.18.35-nvkvm -append tsc=reliable no_timer_check rcupdate.rcu_expedited=1 i8042.direct=1 i8042.dumbkbd=1 i8042.nopnp=1 i8042.noaux=1 noreplace-smp reboot=k cryptomgr.notests net.ifnames=0 pci=lastbus=0 root=/dev/pmem0p1 rootflags=dax,data=ordered,errors=remount-ro ro rootfstype=ext4 console=hvc0 console=hvc1 quiet systemd.show_status=false panic=1 nr_cpus=42 selinux=0 systemd.unit=kata-containers.target systemd.mask=systemd-networkd.service systemd.mask=systemd-networkd.socket scsi_mod.scan=none agent.cdh_api_timeout=50 cgroup_no_v1=all systemd.unified_cgroup_hierarchy=1 agent.visible_cdi_devices=true agent.visible_cdi_devices=true -pidfile /run/vc/vm/cg-77983/pid -smp 1,cores=1,threads=1,sockets=42,maxcpus=42]" name=containerd-shim-v2 pid=78011 sandbox=cg-77983 source=virtcontainers/hypervisor subsystem=qmp
Aug 27 20:16:29 ubuntu kata[78011]: time="2026-08-27T20:16:29.151676539Z" level=error msg="nvkvm: host driver 575.51.03 → ABI profile 570" name=containerd-shim-v2 pid=78011 qemuPid=78023 sandbox=cg-77983 source=virtcontainers/hypervisor subsystem=qemu
Aug 27 20:16:29 ubuntu containerd[76151]: time="2026-08-27T20:16:29.151676539Z" level=error msg="nvkvm: host driver 575.51.03 → ABI profile 570" name=containerd-shim-v2 pid=78011 qemuPid=78023 sandbox=cg-77983 source=virtcontainers/hypervisor subsystem=qemu
Aug 27 20:16:29 ubuntu kata[78011]: time="2026-08-27T20:16:29.173836339Z" level=error msg="qemu-system-x86_64: -device virtio-nvgpu-pci-non-transitional,id=nvkvm0: info: nvkvm: isolate sandbox: namespace" name=containerd-shim-v2 pid=78011 qemuPid=78023 sandbox=cg-77983 source=virtcontainers/hypervisor subsystem=qemu
Aug 27 20:16:29 ubuntu kata[78011]: time="2026-08-27T20:16:29.174030876Z" level=error msg="qemu-system-x86_64: -device virtio-nvgpu-pci-non-transitional,id=nvkvm0: info: nvkvm: isolate mode auto -> namespace (strongest rung; clone(CLONE_NEWUSER|...), the uid/gid map write and the in-namespace mount all succeeded)" name=containerd-shim-v2 pid=78011 qemuPid=78023 sandbox=cg-77983 source=virtcontainers/hypervisor subsystem=qemu
Aug 27 20:16:29 ubuntu containerd[76151]: time="2026-08-27T20:16:29.173836339Z" level=error msg="qemu-system-x86_64: -device virtio-nvgpu-pci-non-transitional,id=nvkvm0: info: nvkvm: isolate sandbox: namespace" name=containerd-shim-v2 pid=78011 qemuPid=78023 sandbox=cg-77983 source=virtcontainers/hypervisor subsystem=qemu
Aug 27 20:16:29 ubuntu containerd[76151]: time="2026-08-27T20:16:29.174030876Z" level=error msg="qemu-system-x86_64: -device virtio-nvgpu-pci-non-transitional,id=nvkvm0: info: nvkvm: isolate mode auto -> namespace (strongest rung; clone(CLONE_NEWUSER|...), the uid/gid map write and the in-namespace mount all succeeded)" name=containerd-shim-v2 pid=78011 qemuPid=78023 sandbox=cg-77983 source=virtcontainers/hypervisor subsystem=qemu
Aug 27 20:16:29 ubuntu kata[78011]: time="2026-08-27T20:16:29.174161337Z" level=error msg="qemu-system-x86_64: -device virtio-nvgpu-pci-non-transitional,id=nvkvm0: info: nvkvm: GPA width: host MAXPHYADDR 46 bits, guest MAXPHYADDR 46 bits -> using 46 bits (limit 0x400000000000, 65536 GiB)" name=containerd-shim-v2 pid=78011 qemuPid=78023 sandbox=cg-77983 source=virtcontainers/hypervisor subsystem=qemu
Aug 27 20:16:29 ubuntu containerd[76151]: time="2026-08-27T20:16:29.174161337Z" level=error msg="qemu-system-x86_64: -device virtio-nvgpu-pci-non-transitional,id=nvkvm0: info: nvkvm: GPA width: host MAXPHYADDR 46 bits, guest MAXPHYADDR 46 bits -> using 46 bits (limit 0x400000000000, 65536 GiB)" name=containerd-shim-v2 pid=78011 qemuPid=78023 sandbox=cg-77983 source=virtcontainers/hypervisor subsystem=qemu
Aug 27 20:16:29 ubuntu containerd[76151]: time="2026-08-27T20:16:29.174331282Z" level=error msg="qemu-system-x86_64: -device virtio-nvgpu-pci-non-transitional,id=nvkvm0: info: nvkvm: GPA windows: guest RAM top ~0x32c2900000 (203 GiB), floor 0x6000000000 -> block base 0x37dbc0000000 size 145 GiB [shm 0x37dbc0000000, mmap 0x37dc00000000 +16 GiB, sparse 0x37e000000000 +128 GiB]" name=containerd-shim-v2 pid=78011 qemuPid=78023 sandbox=cg-77983 source=virtcontainers/hypervisor subsystem=qemu
Aug 27 20:16:29 ubuntu kata[78011]: time="2026-08-27T20:16:29.174331282Z" level=error msg="qemu-system-x86_64: -device virtio-nvgpu-pci-non-transitional,id=nvkvm0: info: nvkvm: GPA windows: guest RAM top ~0x32c2900000 (203 GiB), floor 0x6000000000 -> block base 0x37dbc0000000 size 145 GiB [shm 0x37dbc0000000, mmap 0x37dc00000000 +16 GiB, sparse 0x37e000000000 +128 GiB]" name=containerd-shim-v2 pid=78011 qemuPid=78023 sandbox=cg-77983 source=virtcontainers/hypervisor subsystem=qemu
Aug 27 20:16:29 ubuntu containerd[76151]: time="2026-08-27T20:16:29.174656713Z" level=error msg="nvkvm present: registered QemuConsole for guest GPU scanout (window display)" name=containerd-shim-v2 pid=78011 qemuPid=78023 sandbox=cg-77983 source=virtcontainers/hypervisor subsystem=qemu
Aug 27 20:16:29 ubuntu kata[78011]: time="2026-08-27T20:16:29.174656713Z" level=error msg="nvkvm present: registered QemuConsole for guest GPU scanout (window display)" name=containerd-shim-v2 pid=78011 qemuPid=78023 sandbox=cg-77983 source=virtcontainers/hypervisor subsystem=qemu
Aug 27 20:16:33 ubuntu kata[78097]: time="2026-08-27T20:16:33.170727555Z" level=info msg="launching /usr/local/bin/nvkvm-qemu-shim with: [-name sandbox-iso-77983 -uuid 9edccfcd-488c-4069-bf50-5a5d6d68c66a -machine q35,accel=kvm,nvdimm=on -cpu host,pmu=off -qmp unix:fd=3,server=on,wait=off -m 2048M,slots=10,maxmem=203817M -device pci-bridge,bus=pcie.0,id=pci-bridge-0,chassis_nr=1,shpc=off,addr=2,io-reserve=4k,mem-reserve=1m,pref64-reserve=1m -device virtio-serial-pci,disable-modern=true,id=serial0 -device virtconsole,chardev=charconsole0,id=console0 -chardev socket,id=charconsole0,path=/run/vc/vm/iso-77983/console.sock,server=on,wait=off -device nvdimm,id=nv0,memdev=mem0,unarmed=on -object memory-backend-file,id=mem0,mem-path=/opt/kata/share/kata-containers/kata-nvkvm.image,size=268435456,readonly=on -device virtio-scsi-pci,id=scsi0,disable-modern=true -object rng-random,id=rng0,filename=/dev/urandom -device virtio-rng-pci,rng=rng0 -device vhost-vsock-pci,disable-modern=true,vhostfd=4,id=vsock-821703175,guest-cid=821703175,bus=pcie.0 -chardev socket,id=char-4a0ad361ef4d9577,path=/run/vc/vm/iso-77983/vhost-fs.sock -device vhost-user-fs-pci,chardev=char-4a0ad361ef4d9577,tag=kataShared,queue-size=1024,bus=pcie.0 -rtc base=utc,driftfix=slew,clock=host -global kvm-pit.lost_tick_policy=discard -vga none -no-user-config -nodefaults -nographic --no-reboot -object memory-backend-file,id=dimm1,size=2048M,mem-path=/dev/shm,share=on -numa node,memdev=dimm1 -kernel /root/gk/vmlinuz-6.18.35-nvkvm -append tsc=reliable no_timer_check rcupdate.rcu_expedited=1 i8042.direct=1 i8042.dumbkbd=1 i8042.nopnp=1 i8042.noaux=1 noreplace-smp reboot=k cryptomgr.notests net.ifnames=0 pci=lastbus=0 root=/dev/pmem0p1 rootflags=dax,data=ordered,errors=remount-ro ro rootfstype=ext4 console=hvc0 console=hvc1 quiet systemd.show_status=false panic=1 nr_cpus=42 selinux=0 systemd.unit=kata-containers.target systemd.mask=systemd-networkd.service systemd.mask=systemd-networkd.socket scsi_mod.scan=none agent.cdh_api_timeout=50 cgroup_no_v1=all systemd.unified_cgroup_hierarchy=1 agent.visible_cdi_devices=true agent.visible_cdi_devices=true -pidfile /run/vc/vm/iso-77983/pid -smp 1,cores=1,threads=1,sockets=42,maxcpus=42]" name=containerd-shim-v2 pid=78097 sandbox=iso-77983 source=virtcontainers/hypervisor subsystem=qmp
Aug 27 20:16:33 ubuntu containerd[76151]: time="2026-08-27T20:16:33.170727555Z" level=info msg="launching /usr/local/bin/nvkvm-qemu-shim with: [-name sandbox-iso-77983 -uuid 9edccfcd-488c-4069-bf50-5a5d6d68c66a -machine q35,accel=kvm,nvdimm=on -cpu host,pmu=off -qmp unix:fd=3,server=on,wait=off -m 2048M,slots=10,maxmem=203817M -device pci-bridge,bus=pcie.0,id=pci-bridge-0,chassis_nr=1,shpc=off,addr=2,io-reserve=4k,mem-reserve=1m,pref64-reserve=1m -device virtio-serial-pci,disable-modern=true,id=serial0 -device virtconsole,chardev=charconsole0,id=console0 -chardev socket,id=charconsole0,path=/run/vc/vm/iso-77983/console.sock,server=on,wait=off -device nvdimm,id=nv0,memdev=mem0,unarmed=on -object memory-backend-file,id=mem0,mem-path=/opt/kata/share/kata-containers/kata-nvkvm.image,size=268435456,readonly=on -device virtio-scsi-pci,id=scsi0,disable-modern=true -object rng-random,id=rng0,filename=/dev/urandom -device virtio-rng-pci,rng=rng0 -device vhost-vsock-pci,disable-modern=true,vhostfd=4,id=vsock-821703175,guest-cid=821703175,bus=pcie.0 -chardev socket,id=char-4a0ad361ef4d9577,path=/run/vc/vm/iso-77983/vhost-fs.sock -device vhost-user-fs-pci,chardev=char-4a0ad361ef4d9577,tag=kataShared,queue-size=1024,bus=pcie.0 -rtc base=utc,driftfix=slew,clock=host -global kvm-pit.lost_tick_policy=discard -vga none -no-user-config -nodefaults -nographic --no-reboot -object memory-backend-file,id=dimm1,size=2048M,mem-path=/dev/shm,share=on -numa node,memdev=dimm1 -kernel /root/gk/vmlinuz-6.18.35-nvkvm -append tsc=reliable no_timer_check rcupdate.rcu_expedited=1 i8042.direct=1 i8042.dumbkbd=1 i8042.nopnp=1 i8042.noaux=1 noreplace-smp reboot=k cryptomgr.notests net.ifnames=0 pci=lastbus=0 root=/dev/pmem0p1 rootflags=dax,data=ordered,errors=remount-ro ro rootfstype=ext4 console=hvc0 console=hvc1 quiet systemd.show_status=false panic=1 nr_cpus=42 selinux=0 systemd.unit=kata-containers.target systemd.mask=systemd-networkd.service systemd.mask=systemd-networkd.socket scsi_mod.scan=none agent.cdh_api_timeout=50 cgroup_no_v1=all systemd.unified_cgroup_hierarchy=1 agent.visible_cdi_devices=true agent.visible_cdi_devices=true -pidfile /run/vc/vm/iso-77983/pid -smp 1,cores=1,threads=1,sockets=42,maxcpus=42]" name=containerd-shim-v2 pid=78097 sandbox=iso-77983 source=virtcontainers/hypervisor subsystem=qmp
Aug 27 20:16:33 ubuntu kata[78097]: time="2026-08-27T20:16:33.303334064Z" level=error msg="nvkvm: host driver 575.51.03 → ABI profile 570" name=containerd-shim-v2 pid=78097 qemuPid=78108 sandbox=iso-77983 source=virtcontainers/hypervisor subsystem=qemu
Aug 27 20:16:33 ubuntu containerd[76151]: time="2026-08-27T20:16:33.303334064Z" level=error msg="nvkvm: host driver 575.51.03 → ABI profile 570" name=containerd-shim-v2 pid=78097 qemuPid=78108 sandbox=iso-77983 source=virtcontainers/hypervisor subsystem=qemu
Aug 27 20:16:33 ubuntu kata[78097]: time="2026-08-27T20:16:33.322741379Z" level=error msg="qemu-system-x86_64: -device virtio-nvgpu-pci-non-transitional,id=nvkvm0: info: nvkvm: isolate sandbox: namespace" name=containerd-shim-v2 pid=78097 qemuPid=78108 sandbox=iso-77983 source=virtcontainers/hypervisor subsystem=qemu
Aug 27 20:16:33 ubuntu kata[78097]: time="2026-08-27T20:16:33.322881397Z" level=error msg="qemu-system-x86_64: -device virtio-nvgpu-pci-non-transitional,id=nvkvm0: info: nvkvm: isolate mode auto -> namespace (strongest rung; clone(CLONE_NEWUSER|...), the uid/gid map write and the in-namespace mount all succeeded)" name=containerd-shim-v2 pid=78097 qemuPid=78108 sandbox=iso-77983 source=virtcontainers/hypervisor subsystem=qemu
Aug 27 20:16:33 ubuntu containerd[76151]: time="2026-08-27T20:16:33.322741379Z" level=error msg="qemu-system-x86_64: -device virtio-nvgpu-pci-non-transitional,id=nvkvm0: info: nvkvm: isolate sandbox: namespace" name=containerd-shim-v2 pid=78097 qemuPid=78108 sandbox=iso-77983 source=virtcontainers/hypervisor subsystem=qemu
Aug 27 20:16:33 ubuntu containerd[76151]: time="2026-08-27T20:16:33.322881397Z" level=error msg="qemu-system-x86_64: -device virtio-nvgpu-pci-non-transitional,id=nvkvm0: info: nvkvm: isolate mode auto -> namespace (strongest rung; clone(CLONE_NEWUSER|...), the uid/gid map write and the in-namespace mount all succeeded)" name=containerd-shim-v2 pid=78097 qemuPid=78108 sandbox=iso-77983 source=virtcontainers/hypervisor subsystem=qemu
Aug 27 20:16:33 ubuntu containerd[76151]: time="2026-08-27T20:16:33.322945451Z" level=error msg="qemu-system-x86_64: -device virtio-nvgpu-pci-non-transitional,id=nvkvm0: info: nvkvm: GPA width: host MAXPHYADDR 46 bits, guest MAXPHYADDR 46 bits -> using 46 bits (limit 0x400000000000, 65536 GiB)" name=containerd-shim-v2 pid=78097 qemuPid=78108 sandbox=iso-77983 source=virtcontainers/hypervisor subsystem=qemu
Aug 27 20:16:33 ubuntu containerd[76151]: time="2026-08-27T20:16:33.323025663Z" level=error msg="qemu-system-x86_64: -device virtio-nvgpu-pci-non-transitional,id=nvkvm0: info: nvkvm: GPA windows: guest RAM top ~0x32c2900000 (203 GiB), floor 0x6000000000 -> block base 0x37dbc0000000 size 145 GiB [shm 0x37dbc0000000, mmap 0x37dc00000000 +16 GiB, sparse 0x37e000000000 +128 GiB]" name=containerd-shim-v2 pid=78097 qemuPid=78108 sandbox=iso-77983 source=virtcontainers/hypervisor subsystem=qemu
Aug 27 20:16:33 ubuntu kata[78097]: time="2026-08-27T20:16:33.322945451Z" level=error msg="qemu-system-x86_64: -device virtio-nvgpu-pci-non-transitional,id=nvkvm0: info: nvkvm: GPA width: host MAXPHYADDR 46 bits, guest MAXPHYADDR 46 bits -> using 46 bits (limit 0x400000000000, 65536 GiB)" name=containerd-shim-v2 pid=78097 qemuPid=78108 sandbox=iso-77983 source=virtcontainers/hypervisor subsystem=qemu
===== probe3 done 2026-08-27T20:18:32+00:00 =====
