===== rung 3/4/5 2026-08-27T20:14:03+00:00 =====

### RUNG 3: do /dev/nvidia* exist inside the container? ###
--- guest CDI spec the agent resolved ---
(not visible from inside the container - expected)
--- /dev in the container ---
ls: cannot access '/dev/dri': No such file or directory
crw-rw-rw- 1 root root 243,   0 Aug 27 20:14 /dev/nvidia-uvm
crw-rw-rw- 1 root root 243,   1 Aug 27 20:14 /dev/nvidia-uvm-tools
crw-rw-rw- 1 root root 195,   0 Aug 27 20:14 /dev/nvidia0
crw-rw-rw- 1 root root 195, 255 Aug 27 20:14 /dev/nvidiactl
--- device cgroup (v2: an eBPF program, so just prove an open works) ---
  /dev/nvidiactl OPEN-OK
  /dev/nvidia0 OPEN-OK
rung3 rc=255

### RUNG 4: nvidia-smi inside the container ###
Thu Aug 27 20:14:15 2026       
+-----------------------------------------------------------------------------------------+
| NVIDIA-SMI 575.51.03              Driver Version: 575.51.03      CUDA Version: 12.9     |
|-----------------------------------------+------------------------+----------------------+
| GPU  Name                 Persistence-M | Bus-Id          Disp.A | Volatile Uncorr. ECC |
| Fan  Temp   Perf          Pwr:Usage/Cap |           Memory-Usage | GPU-Util  Compute M. |
|                                         |                        |               MIG M. |
|=========================================+========================+======================|
|   0  NVIDIA GeForce RTX 4070 ...    Off |   00000000:00:07.0 Off |                  N/A |
|  0%   31C    P8             17W /  285W |       2MiB /  16376MiB |      0%      Default |
|                                         |                        |                  N/A |
+-----------------------------------------+------------------------+----------------------+
                                                                                         
+-----------------------------------------------------------------------------------------+
| Processes:                                                                              |
|  GPU   GI   CI              PID   Type   Process name                        GPU Memory |
|        ID   ID                                                               Usage      |
|=========================================================================================|
|    0   N/A  N/A               1  M+C+G   /usr/local/nvidia/bin/nvidia-smi          0MiB |
+-----------------------------------------------------------------------------------------+
rung4 rc=0

### RUNG 5: a real CUDA workload (vector add, driver API + PTX JIT) ###
devices: 1
device 0: NVIDIA GeForce RTX 4070 Ti SUPER
elements: 1048576  mismatches: 0  sample: c[7]=21.0 (want 21.0)
VECADD OK
rung5 rc=0
===== done 2026-08-27T20:14:21+00:00 =====
